2026-08-11 06:32:16.262: [INFO] CurrentProfilePath: C:\fullstack\src\spring\.metadata\.plugins\org.eclipse.swt\EBWebView\Default
2026-08-11 06:32:16.262: [INFO] Profiles total count: 1
2026-08-11 06:32:16.262: [INFO] Profile: name=프로필 1 path=C:\fullstack\src\spring\.metadata\.plugins\org.eclipse.swt\EBWebView\Default lastActive=null
2026-08-11 06:32:16.262: [INFO] LastUsedProfileDir: C:\fullstack\src\spring\.metadata\.plugins\org.eclipse.swt\EBWebView\Default
2026-08-11 06:32:16.262: [INFO] OnDoneLoading sync enabled: 0
2026-08-11 06:32:16.262: [INFO] BookmarkModelLoaded, ids_reassigned: 0
2026-08-11 06:32:16.262: [INFO] BookmarksLoadDropped droppedNodes=0
2026-08-11 06:32:16.262: [INFO] BookmarksSnapshot Startup total=0 bar=0 other=0 mobile=0 showBar=0 showBarNTP=1
2026-08-11 07:47:53.531: [INFO] BookmarksSnapshot Shutdown total=0 bar=0 other=0 mobile=0 showBar=0 showBarNTP=1
2026-08-12 01:28:53.447: [INFO] CurrentProfilePath: C:\fullstack\src\spring\.metadata\.plugins\org.eclipse.swt\EBWebView\Default
2026-08-12 01:28:53.447: [INFO] Profiles total count: 1
2026-08-12 01:28:53.447: [INFO] Profile: name=프로필 1 path=C:\fullstack\src\spring\.metadata\.plugins\org.eclipse.swt\EBWebView\Default lastActive=null
2026-08-12 01:28:53.447: [INFO] LastUsedProfileDir: C:\fullstack\src\spring\.metadata\.plugins\org.eclipse.swt\EBWebView\Default
2026-08-12 01:28:53.447: [INFO] OnDoneLoading sync enabled: 0
2026-08-12 01:28:53.447: [INFO] BookmarkModelLoaded, ids_reassigned: 0
2026-08-12 01:28:53.447: [INFO] BookmarksLoadDropped droppedNodes=0
2026-08-12 01:28:53.447: [INFO] BookmarksSnapshot Startup total=0 bar=0 other=0 mobile=0 showBar=0 showBarNTP=1
2026-08-12 01:28:55.541: [INFO] BookmarksSnapshot Shutdown total=0 bar=0 other=0 mobile=0 showBar=0 showBarNTP=1
2026-08-12 01:29:06.232: [INFO] CurrentProfilePath: C:\fullstack\src\spring\.metadata\.plugins\org.eclipse.swt\EBWebView\Default
2026-08-12 01:29:06.232: [INFO] Profiles total count: 1
2026-08-12 01:29:06.232: [INFO] Profile: name=프로필 1 path=C:\fullstack\src\spring\.metadata\.plugins\org.eclipse.swt\EBWebView\Default lastActive=null
2026-08-12 01:29:06.232: [INFO] LastUsedProfileDir: C:\fullstack\src\spring\.metadata\.plugins\org.eclipse.swt\EBWebView\Default
2026-08-12 01:29:06.232: [INFO] OnDoneLoading sync enabled: 0
2026-08-12 01:29:06.232: [INFO] BookmarkModelLoaded, ids_reassigned: 0
2026-08-12 01:29:06.232: [INFO] BookmarksLoadDropped droppedNodes=0
2026-08-12 01:29:06.232: [INFO] BookmarksSnapshot Startup total=0 bar=0 other=0 mobile=0 showBar=0 showBarNTP=1
2026-08-12 04:53:25.109: [INFO] BookmarksSnapshot Shutdown total=0 bar=0 other=0 mobile=0 showBar=0 showBarNTP=1
2026-08-12 05:08:50.363: [INFO] CurrentProfilePath: C:\fullstack\src\spring\.metadata\.plugins\org.eclipse.swt\EBWebView\Default
2026-08-12 05:08:50.363: [INFO] Profiles total count: 1
2026-08-12 05:08:50.363: [INFO] Profile: name=프로필 1 path=C:\fullstack\src\spring\.metadata\.plugins\org.eclipse.swt\EBWebView\Default lastActive=null
2026-08-12 05:08:50.363: [INFO] LastUsedProfileDir: C:\fullstack\src\spring\.metadata\.plugins\org.eclipse.swt\EBWebView\Default
2026-08-12 05:08:50.363: [INFO] OnDoneLoading sync enabled: 0
2026-08-12 05:08:50.363: [INFO] BookmarkModelLoaded, ids_reassigned: 0
2026-08-12 05:08:50.363: [INFO] BookmarksLoadDropped droppedNodes=0
2026-08-12 05:08:50.363: [INFO] BookmarksSnapshot Startup total=0 bar=0 other=0 mobile=0 showBar=0 showBarNTP=1
2026-08-12 05:08:50.493: [INFO] BookmarksSnapshot Shutdown total=0 bar=0 other=0 mobile=0 showBar=0 showBarNTP=1
2026-08-12 05:09:08.309: [INFO] CurrentProfilePath: C:\fullstack\src\spring\.metadata\.plugins\org.eclipse.swt\EBWebView\Default
2026-08-12 05:09:08.309: [INFO] Profiles total count: 1
2026-08-12 05:09:08.309: [INFO] Profile: name=프로필 1 path=C:\fullstack\src\spring\.metadata\.plugins\org.eclipse.swt\EBWebView\Default lastActive=null
2026-08-12 05:09:08.309: [INFO] LastUsedProfileDir: C:\fullstack\src\spring\.metadata\.plugins\org.eclipse.swt\EBWebView\Default
2026-08-12 05:09:08.309: [INFO] OnDoneLoading sync enabled: 0
2026-08-12 05:09:08.309: [INFO] BookmarkModelLoaded, ids_reassigned: 0
2026-08-12 05:09:08.309: [INFO] BookmarksLoadDropped droppedNodes=0
2026-08-12 05:09:08.309: [INFO] BookmarksSnapshot Startup total=0 bar=0 other=0 mobile=0 showBar=0 showBarNTP=1
2026-08-12 05:09:08.422: [INFO] BookmarksSnapshot Shutdown total=0 bar=0 other=0 mobile=0 showBar=0 showBarNTP=1
2026-08-12 05:10:05.717: [INFO] CurrentProfilePath: C:\fullstack\src\spring\.metadata\.plugins\org.eclipse.swt\EBWebView\Default
2026-08-12 05:10:05.717: [INFO] Profiles total count: 1
2026-08-12 05:10:05.717: [INFO] Profile: name=프로필 1 path=C:\fullstack\src\spring\.metadata\.plugins\org.eclipse.swt\EBWebView\Default lastActive=null
2026-08-12 05:10:05.717: [INFO] LastUsedProfileDir: C:\fullstack\src\spring\.metadata\.plugins\org.eclipse.swt\EBWebView\Default
2026-08-12 05:10:05.717: [INFO] OnDoneLoading sync enabled: 0
2026-08-12 05:10:05.717: [INFO] BookmarkModelLoaded, ids_reassigned: 0
2026-08-12 05:10:05.717: [INFO] BookmarksLoadDropped droppedNodes=0
2026-08-12 05:10:05.717: [INFO] BookmarksSnapshot Startup total=0 bar=0 other=0 mobile=0 showBar=0 showBarNTP=1
2026-08-12 05:10:05.834: [INFO] BookmarksSnapshot Shutdown total=0 bar=0 other=0 mobile=0 showBar=0 showBarNTP=1
2026-08-12 05:10:28.091: [INFO] CurrentProfilePath: C:\fullstack\src\spring\.metadata\.plugins\org.eclipse.swt\EBWebView\Default
2026-08-12 05:10:28.091: [INFO] Profiles total count: 1
2026-08-12 05:10:28.091: [INFO] Profile: name=프로필 1 path=C:\fullstack\src\spring\.metadata\.plugins\org.eclipse.swt\EBWebView\Default lastActive=null
2026-08-12 05:10:28.091: [INFO] LastUsedProfileDir: C:\fullstack\src\spring\.metadata\.plugins\org.eclipse.swt\EBWebView\Default
2026-08-12 05:10:28.091: [INFO] OnDoneLoading sync enabled: 0
2026-08-12 05:10:28.091: [INFO] BookmarkModelLoaded, ids_reassigned: 0
2026-08-12 05:10:28.091: [INFO] BookmarksLoadDropped droppedNodes=0
2026-08-12 05:10:28.091: [INFO] BookmarksSnapshot Startup total=0 bar=0 other=0 mobile=0 showBar=0 showBarNTP=1
2026-08-12 05:10:28.202: [INFO] BookmarksSnapshot Shutdown total=0 bar=0 other=0 mobile=0 showBar=0 showBarNTP=1
2026-08-12 05:17:13.272: [INFO] CurrentProfilePath: C:\fullstack\src\spring\.metadata\.plugins\org.eclipse.swt\EBWebView\Default
2026-08-12 05:17:13.272: [INFO] Profiles total count: 1
2026-08-12 05:17:13.272: [INFO] Profile: name=프로필 1 path=C:\fullstack\src\spring\.metadata\.plugins\org.eclipse.swt\EBWebView\Default lastActive=null
2026-08-12 05:17:13.272: [INFO] LastUsedProfileDir: C:\fullstack\src\spring\.metadata\.plugins\org.eclipse.swt\EBWebView\Default
2026-08-12 05:17:13.272: [INFO] OnDoneLoading sync enabled: 0
2026-08-12 05:17:13.272: [INFO] BookmarkModelLoaded, ids_reassigned: 0
2026-08-12 05:17:13.272: [INFO] BookmarksLoadDropped droppedNodes=0
2026-08-12 05:17:13.272: [INFO] BookmarksSnapshot Startup total=0 bar=0 other=0 mobile=0 showBar=0 showBarNTP=1
2026-08-12 05:34:35.070: [INFO] BookmarksSnapshot Shutdown total=0 bar=0 other=0 mobile=0 showBar=0 showBarNTP=1
2026-08-12 05:56:03.910: [INFO] CurrentProfilePath: C:\fullstack\src\spring\.metadata\.plugins\org.eclipse.swt\EBWebView\Default
2026-08-12 05:56:03.910: [INFO] Profiles total count: 1
2026-08-12 05:56:03.910: [INFO] Profile: name=프로필 1 path=C:\fullstack\src\spring\.metadata\.plugins\org.eclipse.swt\EBWebView\Default lastActive=null
2026-08-12 05:56:03.910: [INFO] LastUsedProfileDir: C:\fullstack\src\spring\.metadata\.plugins\org.eclipse.swt\EBWebView\Default
2026-08-12 05:56:03.910: [INFO] OnDoneLoading sync enabled: 0
2026-08-12 05:56:03.910: [INFO] BookmarkModelLoaded, ids_reassigned: 0
2026-08-12 05:56:03.910: [INFO] BookmarksLoadDropped droppedNodes=0
2026-08-12 05:56:03.910: [INFO] BookmarksSnapshot Startup total=0 bar=0 other=0 mobile=0 showBar=0 showBarNTP=1
2026-08-12 06:41:17.245: [INFO] BookmarksSnapshot Shutdown total=0 bar=0 other=0 mobile=0 showBar=0 showBarNTP=1
2026-08-12 06:57:36.231: [INFO] CurrentProfilePath: C:\fullstack\src\spring\.metadata\.plugins\org.eclipse.swt\EBWebView\Default
2026-08-12 06:57:36.231: [INFO] Profiles total count: 1
2026-08-12 06:57:36.231: [INFO] Profile: name=프로필 1 path=C:\fullstack\src\spring\.metadata\.plugins\org.eclipse.swt\EBWebView\Default lastActive=null
2026-08-12 06:57:36.231: [INFO] LastUsedProfileDir: C:\fullstack\src\spring\.metadata\.plugins\org.eclipse.swt\EBWebView\Default
2026-08-12 06:57:36.231: [INFO] OnDoneLoading sync enabled: 0
2026-08-12 06:57:36.231: [INFO] BookmarkModelLoaded, ids_reassigned: 0
2026-08-12 06:57:36.231: [INFO] BookmarksLoadDropped droppedNodes=0
2026-08-12 06:57:36.231: [INFO] BookmarksSnapshot Startup total=0 bar=0 other=0 mobile=0 showBar=0 showBarNTP=1
2026-08-12 07:00:14.581: [INFO] BookmarksSnapshot Shutdown total=0 bar=0 other=0 mobile=0 showBar=0 showBarNTP=1
2026-08-12 07:07:14.287: [INFO] CurrentProfilePath: C:\fullstack\src\spring\.metadata\.plugins\org.eclipse.swt\EBWebView\Default
2026-08-12 07:07:14.287: [INFO] Profiles total count: 1
2026-08-12 07:07:14.287: [INFO] Profile: name=프로필 1 path=C:\fullstack\src\spring\.metadata\.plugins\org.eclipse.swt\EBWebView\Default lastActive=null
2026-08-12 07:07:14.287: [INFO] LastUsedProfileDir: C:\fullstack\src\spring\.metadata\.plugins\org.eclipse.swt\EBWebView\Default
2026-08-12 07:07:14.287: [INFO] OnDoneLoading sync enabled: 0
2026-08-12 07:07:14.287: [INFO] BookmarkModelLoaded, ids_reassigned: 0
2026-08-12 07:07:14.287: [INFO] BookmarksLoadDropped droppedNodes=0
2026-08-12 07:07:14.287: [INFO] BookmarksSnapshot Startup total=0 bar=0 other=0 mobile=0 showBar=0 showBarNTP=1
2026-08-12 07:07:15.104: [INFO] BookmarksSnapshot Shutdown total=0 bar=0 other=0 mobile=0 showBar=0 showBarNTP=1
2026-08-12 07:07:21.999: [INFO] CurrentProfilePath: C:\fullstack\src\spring\.metadata\.plugins\org.eclipse.swt\EBWebView\Default
2026-08-12 07:07:21.999: [INFO] Profiles total count: 1
2026-08-12 07:07:21.999: [INFO] Profile: name=프로필 1 path=C:\fullstack\src\spring\.metadata\.plugins\org.eclipse.swt\EBWebView\Default lastActive=null
2026-08-12 07:07:21.999: [INFO] LastUsedProfileDir: C:\fullstack\src\spring\.metadata\.plugins\org.eclipse.swt\EBWebView\Default
2026-08-12 07:07:21.999: [INFO] OnDoneLoading sync enabled: 0
2026-08-12 07:07:21.999: [INFO] BookmarkModelLoaded, ids_reassigned: 0
2026-08-12 07:07:21.999: [INFO] BookmarksLoadDropped droppedNodes=0
2026-08-12 07:07:21.999: [INFO] BookmarksSnapshot Startup total=0 bar=0 other=0 mobile=0 showBar=0 showBarNTP=1
2026-08-12 07:07:22.113: [INFO] BookmarksSnapshot Shutdown total=0 bar=0 other=0 mobile=0 showBar=0 showBarNTP=1
2026-08-12 07:08:16.725: [INFO] CurrentProfilePath: C:\fullstack\src\spring\.metadata\.plugins\org.eclipse.swt\EBWebView\Default
2026-08-12 07:08:16.725: [INFO] Profiles total count: 1
2026-08-12 07:08:16.725: [INFO] Profile: name=프로필 1 path=C:\fullstack\src\spring\.metadata\.plugins\org.eclipse.swt\EBWebView\Default lastActive=null
2026-08-12 07:08:16.725: [INFO] LastUsedProfileDir: C:\fullstack\src\spring\.metadata\.plugins\org.eclipse.swt\EBWebView\Default
2026-08-12 07:08:16.725: [INFO] OnDoneLoading sync enabled: 0
2026-08-12 07:08:16.725: [INFO] BookmarkModelLoaded, ids_reassigned: 0
2026-08-12 07:08:16.725: [INFO] BookmarksLoadDropped droppedNodes=0
2026-08-12 07:08:16.725: [INFO] BookmarksSnapshot Startup total=0 bar=0 other=0 mobile=0 showBar=0 showBarNTP=1
2026-08-12 07:09:00.210: [INFO] BookmarksSnapshot Shutdown total=0 bar=0 other=0 mobile=0 showBar=0 showBarNTP=1
2026-08-12 07:13:45.982: [INFO] CurrentProfilePath: C:\fullstack\src\spring\.metadata\.plugins\org.eclipse.swt\EBWebView\Default
2026-08-12 07:13:45.982: [INFO] Profiles total count: 1
2026-08-12 07:13:45.982: [INFO] Profile: name=프로필 1 path=C:\fullstack\src\spring\.metadata\.plugins\org.eclipse.swt\EBWebView\Default lastActive=null
2026-08-12 07:13:45.982: [INFO] LastUsedProfileDir: C:\fullstack\src\spring\.metadata\.plugins\org.eclipse.swt\EBWebView\Default
2026-08-12 07:13:45.982: [INFO] OnDoneLoading sync enabled: 0
2026-08-12 07:13:45.982: [INFO] BookmarkModelLoaded, ids_reassigned: 0
2026-08-12 07:13:45.982: [INFO] BookmarksLoadDropped droppedNodes=0
2026-08-12 07:13:45.982: [INFO] BookmarksSnapshot Startup total=0 bar=0 other=0 mobile=0 showBar=0 showBarNTP=1
2026-08-12 07:14:05.787: [INFO] BookmarksSnapshot Shutdown total=0 bar=0 other=0 mobile=0 showBar=0 showBarNTP=1
2026-08-13 00:11:02.118: [INFO] CurrentProfilePath: C:\fullstack\src\spring\.metadata\.plugins\org.eclipse.swt\EBWebView\Default
2026-08-13 00:11:02.118: [INFO] Profiles total count: 1
2026-08-13 00:11:02.118: [INFO] Profile: name=프로필 1 path=C:\fullstack\src\spring\.metadata\.plugins\org.eclipse.swt\EBWebView\Default lastActive=null
2026-08-13 00:11:02.118: [INFO] LastUsedProfileDir: C:\fullstack\src\spring\.metadata\.plugins\org.eclipse.swt\EBWebView\Default
2026-08-13 00:11:02.118: [INFO] OnDoneLoading sync enabled: 0
2026-08-13 00:11:02.118: [INFO] BookmarkModelLoaded, ids_reassigned: 0
2026-08-13 00:11:02.118: [INFO] BookmarksLoadDropped droppedNodes=0
2026-08-13 00:11:02.118: [INFO] BookmarksSnapshot Startup total=0 bar=0 other=0 mobile=0 showBar=0 showBarNTP=1
2026-08-13 00:27:32.007: [INFO] CurrentProfilePath: C:\fullstack\src\spring\.metadata\.plugins\org.eclipse.swt\EBWebView\Default
2026-08-13 00:27:32.007: [INFO] Profiles total count: 1
2026-08-13 00:27:32.007: [INFO] Profile: name=프로필 1 path=C:\fullstack\src\spring\.metadata\.plugins\org.eclipse.swt\EBWebView\Default lastActive=null
2026-08-13 00:27:32.007: [INFO] LastUsedProfileDir: C:\fullstack\src\spring\.metadata\.plugins\org.eclipse.swt\EBWebView\Default
2026-08-13 00:27:32.007: [INFO] OnDoneLoading sync enabled: 0
2026-08-13 00:27:32.007: [INFO] BookmarkModelLoaded, ids_reassigned: 0
2026-08-13 00:27:32.007: [INFO] BookmarksLoadDropped droppedNodes=0
2026-08-13 00:27:32.007: [INFO] BookmarksSnapshot Startup total=0 bar=0 other=0 mobile=0 showBar=0 showBarNTP=1
2026-08-13 00:27:35.116: [INFO] BookmarksSnapshot Shutdown total=0 bar=0 other=0 mobile=0 showBar=0 showBarNTP=1
